// Jest Snapshot v1, https://goo.gl/fbAQLP

exports[`An HTML font tree-builder should render \\text{\\textit{R}} with the correct font 1`] = `"<span class=\\"katex\\"><span class=\\"katex-mathml\\"><math><semantics><mrow><mtext>R</mtext></mrow><annotation encoding=\\"application/x-tex\\">\\\\text{\\\\textit{R}}</annotation></semantics></math></span><span class=\\"katex-html\\" aria-hidden=\\"true\\"><span class=\\"strut\\" style=\\"height:0.68333em;\\"></span><span class=\\"strut bottom\\" style=\\"height:0.68333em;vertical-align:0em;\\"></span><span class=\\"base\\"><span class=\\"mord text\\"><span class=\\"mord text\\"><span class=\\"mord textit\\">R</span></span></span></span></span></span>"`;

exports[`An HTML font tree-builder should render \\text{R\\textit{S}T} with the correct fonts 1`] = `"<span class=\\"katex\\"><span class=\\"katex-mathml\\"><math><semantics><mrow><mtext>RST</mtext></mrow><annotation encoding=\\"application/x-tex\\">\\\\text{R\\\\textit{S}T}</annotation></semantics></math></span><span class=\\"katex-html\\" aria-hidden=\\"true\\"><span class=\\"strut\\" style=\\"height:0.68333em;\\"></span><span class=\\"strut bottom\\" style=\\"height:0.68333em;vertical-align:0em;\\"></span><span class=\\"base\\"><span class=\\"mord text\\"><span class=\\"mord\\">R</span><span class=\\"mord text\\"><span class=\\"mord textit\\">S</span></span><span class=\\"mord\\">T</span></span></span></span></span>"`;

exports[`An HTML font tree-builder should render \\text{R} with the correct font 1`] = `"<span class=\\"katex\\"><span class=\\"katex-mathml\\"><math><semantics><mrow><mtext>R</mtext></mrow><annotation encoding=\\"application/x-tex\\">\\\\text{R}</annotation></semantics></math></span><span class=\\"katex-html\\" aria-hidden=\\"true\\"><span class=\\"strut\\" style=\\"height:0.68333em;\\"></span><span class=\\"strut bottom\\" style=\\"height:0.68333em;vertical-align:0em;\\"></span><span class=\\"base\\"><span class=\\"mord text\\"><span class=\\"mord\\">R</span></span></span></span></span>"`;

exports[`An HTML font tree-builder should render \\textbf{R} with the correct font 1`] = `"<span class=\\"katex\\"><span class=\\"katex-mathml\\"><math><semantics><mrow><mtext>R</mtext></mrow><annotation encoding=\\"application/x-tex\\">\\\\textbf{R}</annotation></semantics></math></span><span class=\\"katex-html\\" aria-hidden=\\"true\\"><span class=\\"strut\\" style=\\"height:0.68611em;\\"></span><span class=\\"strut bottom\\" style=\\"height:0.68611em;vertical-align:0em;\\"></span><span class=\\"base\\"><span class=\\"mord text\\"><span class=\\"mord textbf\\">R</span></span></span></span></span>"`;

exports[`An HTML font tree-builder should render \\textit{R} with the correct font 1`] = `"<span class=\\"katex\\"><span class=\\"katex-mathml\\"><math><semantics><mrow><mtext>R</mtext></mrow><annotation encoding=\\"application/x-tex\\">\\\\textit{R}</annotation></semantics></math></span><span class=\\"katex-html\\" aria-hidden=\\"true\\"><span class=\\"strut\\" style=\\"height:0.68333em;\\"></span><span class=\\"strut bottom\\" style=\\"height:0.68333em;vertical-align:0em;\\"></span><span class=\\"base\\"><span class=\\"mord text\\"><span class=\\"mord textit\\">R</span></span></span></span></span>"`;

exports[`An HTML font tree-builder should render \\textsf{\\textit{R}G\\textbf{B}} with the correct font 1`] = `"<span class=\\"katex\\"><span class=\\"katex-mathml\\"><math><semantics><mrow><mtext>RGB</mtext></mrow><annotation encoding=\\"application/x-tex\\">\\\\textsf{\\\\textit{R}G\\\\textbf{B}}</annotation></semantics></math></span><span class=\\"katex-html\\" aria-hidden=\\"true\\"><span class=\\"strut\\" style=\\"height:0.69444em;\\"></span><span class=\\"strut bottom\\" style=\\"height:0.69444em;vertical-align:0em;\\"></span><span class=\\"base\\"><span class=\\"mord text\\"><span class=\\"mord text\\"><span class=\\"mord textsf textit\\">R</span></span><span class=\\"mord textsf\\">G</span><span class=\\"mord text\\"><span class=\\"mord textsf textbf\\">B</span></span></span></span></span></span>"`;

exports[`An HTML font tree-builder should render \\textsf{R} with the correct font 1`] = `"<span class=\\"katex\\"><span class=\\"katex-mathml\\"><math><semantics><mrow><mtext>R</mtext></mrow><annotation encoding=\\"application/x-tex\\">\\\\textsf{R}</annotation></semantics></math></span><span class=\\"katex-html\\" aria-hidden=\\"true\\"><span class=\\"strut\\" style=\\"height:0.69444em;\\"></span><span class=\\"strut bottom\\" style=\\"height:0.69444em;vertical-align:0em;\\"></span><span class=\\"base\\"><span class=\\"mord text\\"><span class=\\"mord textsf\\">R</span></span></span></span></span>"`;

exports[`An implicit group parser within optional groups should work style commands \\sqrt[\\textstyle 3]{x} 1`] = `
[
  {
    "type": "sqrt",
    "mode": "math",
    "value": {
      "type": "sqrt",
      "body": {
        "type": "ordgroup",
        "mode": "math",
        "value": [
          {
            "type": "mathord",
            "mode": "math",
            "value": "x"
          }
        ]
      },
      "index": {
        "type": "ordgroup",
        "mode": "math",
        "value": [
          {
            "type": "styling",
            "mode": "math",
            "value": {
              "style": "text",
              "value": [
                {
                  "type": "textord",
                  "mode": "math",
                  "value": "3"
                }
              ]
            }
          }
        ]
      }
    }
  }
]
`;

exports[`An implicit group parser within optional groups should work with \\color: \\sqrt[\\color{red} 3]{x} 1`] = `
[
  {
    "type": "sqrt",
    "mode": "math",
    "value": {
      "type": "sqrt",
      "body": {
        "type": "ordgroup",
        "mode": "math",
        "value": [
          {
            "type": "mathord",
            "mode": "math",
            "value": "x"
          }
        ]
      },
      "index": {
        "type": "ordgroup",
        "mode": "math",
        "value": [
          {
            "type": "color",
            "mode": "math",
            "value": {
              "type": "color",
              "color": "red",
              "value": [
                {
                  "type": "textord",
                  "mode": "math",
                  "value": "3"
                }
              ]
            }
          }
        ]
      }
    }
  }
]
`;

exports[`An implicit group parser within optional groups should work with sizing commands: \\sqrt[\\small 3]{x} 1`] = `
[
  {
    "type": "sqrt",
    "mode": "math",
    "value": {
      "type": "sqrt",
      "body": {
        "type": "ordgroup",
        "mode": "math",
        "value": [
          {
            "type": "mathord",
            "mode": "math",
            "value": "x"
          }
        ]
      },
      "index": {
        "type": "ordgroup",
        "mode": "math",
        "value": [
          {
            "type": "sizing",
            "mode": "math",
            "value": {
              "size": 5,
              "value": [
                {
                  "type": "textord",
                  "mode": "math",
                  "value": "3"
                }
              ]
            }
          }
        ]
      }
    }
  }
]
`;

exports[`An implicit group parser within optional groups should work wwith old font functions: \\sqrt[\\tt 3]{x} 1`] = `
[
  {
    "type": "sqrt",
    "mode": "math",
    "value": {
      "type": "sqrt",
      "body": {
        "type": "ordgroup",
        "mode": "math",
        "value": [
          {
            "type": "mathord",
            "mode": "math",
            "value": "x"
          }
        ]
      },
      "index": {
        "type": "ordgroup",
        "mode": "math",
        "value": [
          {
            "type": "font",
            "mode": "math",
            "value": {
              "body": {
                "type": "ordgroup",
                "mode": "math",
                "value": [
                  {
                    "type": "textord",
                    "mode": "math",
                    "value": "3"
                  }
                ]
              },
              "font": "mathtt"
            }
          }
        ]
      }
    }
  }
]
`;
